../Core/Src/main.c:82:6:HAL_GPIO_EXTI_Callback	16	static
../Core/Src/main.c:90:6:HAL_TIM_PeriodElapsedCallback	16	static
../Core/Src/main.c:108:5:twos_to_int	24	static
../Core/Src/main.c:124:5:main	8	static
../Core/Src/main.c:305:6:SystemClock_Config	88	static
../Core/Src/main.c:352:13:MX_ADC1_Init	24	static
../Core/Src/main.c:404:13:MX_SPI1_Init	8	static
../Core/Src/main.c:442:13:MX_TIM2_Init	32	static
../Core/Src/main.c:487:13:MX_TIM3_Init	32	static
../Core/Src/main.c:532:13:MX_GPIO_Init	40	static
../Core/Src/main.c:585:6:Error_Handler	4	static,ignoring_inline_asm
