21:39:12 **** Incremental Build of configuration Debug for project Project ****
make -j8 all 
arm-none-eabi-gcc -o "Project.elf" @"objects.list"   -mcpu=cortex-m4 -T"C:\Users\Hector\Desktop\Uni\SED\Projecto STM32\STM32\Project\STM32F407VGTX_FLASH.ld" --specs=nosys.specs -Wl,-Map="Project.map" -Wl,--gc-sections -static --specs=nano.specs -mfpu=fpv4-sp-d16 -mfloat-abi=hard -mthumb -Wl,--start-group -lc -lm -Wl,--end-group
Finished building target: Project.elf
 
arm-none-eabi-size   Project.elf 
arm-none-eabi-objdump -h -S  Project.elf  > "Project.list"
   text	   data	    bss	    dec	    hex	filename
  15564	     20	   1908	  17492	   4454	Project.elf
Finished building: default.size.stdout
 
Finished building: Project.list
 
