22:55:38 **** Build of configuration Debug for project Practica 5 ****
make -j8 all 
arm-none-eabi-gcc "../Core/Src/main.c" -mcpu=cortex-m4 -std=gnu11 -g3 -DDEBUG -DUSE_HAL_DRIVER -DSTM32F411xE -c -I../Core/Inc -I../Drivers/STM32F4xx_HAL_Driver/Inc -I../Drivers/STM32F4xx_HAL_Driver/Inc/Legacy -I../Drivers/CMSIS/Device/ST/STM32F4xx/Include -I../Drivers/CMSIS/Include -O0 -ffunction-sections -fdata-sections -Wall -fstack-usage -fcyclomatic-complexity -MMD -MP -MF"Core/Src/main.d" -MT"Core/Src/main.o" --specs=nano.specs -mfpu=fpv4-sp-d16 -mfloat-abi=hard -mthumb -o "Core/Src/main.o"
arm-none-eabi-gcc -o "Practica 5.elf" @"objects.list"   -mcpu=cortex-m4 -T"C:\Users\Hector\STM32CubeIDE\workspace_1.13.2\Practica 5\STM32F411VETX_FLASH.ld" --specs=nosys.specs -Wl,-Map="Practica 5.map" -Wl,--gc-sections -static --specs=nano.specs -mfpu=fpv4-sp-d16 -mfloat-abi=hard -mthumb -Wl,--start-group -lc -lm -Wl,--end-group
Finished building target: Practica 5.elf
 
arm-none-eabi-size   Practica\ 5.elf 
arm-none-eabi-objdump -h -S  Practica\ 5.elf  > "Practica 5.list"
   text	   data	    bss	    dec	    hex	filename
   9748	     20	   1684	  11452	   2cbc	Practica 5.elf
Finished building: default.size.stdout
 
Finished building: Practica 5.list
 

22:55:39 Build Finished. 0 errors, 0 warnings. (took 1s.422ms)

