22:55:58 **** Incremental Build of configuration Debug for project Practica5ADC ****
make -j8 all 
arm-none-eabi-gcc "../Core/Src/main.c" -mcpu=cortex-m4 -std=gnu11 -g3 -DDEBUG -DUSE_HAL_DRIVER -DSTM32F411xE -c -I../Core/Inc -I../Drivers/STM32F4xx_HAL_Driver/Inc -I../Drivers/STM32F4xx_HAL_Driver/Inc/Legacy -I../Drivers/CMSIS/Device/ST/STM32F4xx/Include -I../Drivers/CMSIS/Include -O0 -ffunction-sections -fdata-sections -Wall -fstack-usage -fcyclomatic-complexity -MMD -MP -MF"Core/Src/main.d" -MT"Core/Src/main.o" --specs=nano.specs -mfpu=fpv4-sp-d16 -mfloat-abi=hard -mthumb -o "Core/Src/main.o"
arm-none-eabi-gcc -o "Practica5ADC.elf" @"objects.list"   -mcpu=cortex-m4 -T"C:\Users\Hector\STM32CubeIDE\workspace_1.13.2\Practica5ADC\STM32F411VETX_FLASH.ld" --specs=nosys.specs -Wl,-Map="Practica5ADC.map" -Wl,--gc-sections -static --specs=nano.specs -mfpu=fpv4-sp-d16 -mfloat-abi=hard -mthumb -Wl,--start-group -lc -lm -Wl,--end-group
Finished building target: Practica5ADC.elf
 
arm-none-eabi-size   Practica5ADC.elf 
arm-none-eabi-objdump -h -S  Practica5ADC.elf  > "Practica5ADC.list"
   text	   data	    bss	    dec	    hex	filename
  13236	     20	   1876	  15132	   3b1c	Practica5ADC.elf
Finished building: default.size.stdout
 
Finished building: Practica5ADC.list
 

22:55:59 Build Finished. 0 errors, 0 warnings. (took 1s.38ms)

